ΓòöΓòÉΓòÉΓòÉΓòÉΓòÉΓòÉΓòÉΓòÉΓòÉΓòÉΓòÉΓòÉΓòÉΓòÉΓòÉΓòÉΓòÉΓòÉΓòÉΓòÉΓòÉΓòÉΓòÉΓòÉΓòÉΓòÉΓòÉΓòÉΓòÉΓòÉΓòÉΓòÉΓòÉΓòÉΓòÉΓòÉΓòÉΓòÉΓòÉΓòÉΓòÉΓòÉΓòÉΓòÉΓòÉΓòÉΓòÉΓòÉΓòù
Γòæ     RATE LIMIT TEST SUITE                     Γòæ
ΓòÜΓòÉΓòÉΓòÉΓòÉΓòÉΓòÉΓòÉΓòÉΓòÉΓòÉΓòÉΓòÉΓòÉΓòÉΓòÉΓòÉΓòÉΓòÉΓòÉΓòÉΓòÉΓòÉΓòÉΓòÉΓòÉΓòÉΓòÉΓòÉΓòÉΓòÉΓòÉΓòÉΓòÉΓòÉΓòÉΓòÉΓòÉΓòÉΓòÉΓòÉΓòÉΓòÉΓòÉΓòÉΓòÉΓòÉΓòÉΓòÉΓò¥

≡ƒöì ENVIRONMENT CHECK
   Backend URL: https://backend-k9t6.onrender.com
   NODE_ENV:    (not set = development)

   ΓÜá∩╕Å  WARNING: NODE_ENV is not "production"
   Rate limiting is SKIPPED in development mode!
   To test rate limiting, start backend with:
     SET NODE_ENV=production && node index.js
   Or: $env:NODE_ENV="production"; node index.js  (PowerShell)

   Backend health: Γ£à Running

ΓòÉΓòÉΓòÉΓòÉΓòÉΓòÉΓòÉΓòÉΓòÉΓòÉΓòÉΓòÉΓòÉΓòÉΓòÉΓòÉΓòÉΓòÉΓòÉΓòÉΓòÉΓòÉΓòÉΓòÉΓòÉΓòÉΓòÉΓòÉΓòÉΓòÉΓòÉΓòÉΓòÉΓòÉΓòÉΓòÉΓòÉΓòÉΓòÉΓòÉΓòÉΓòÉΓòÉΓòÉΓòÉΓòÉΓòÉΓòÉΓòÉΓòÉΓòÉΓòÉΓòÉΓòÉΓòÉΓòÉΓòÉΓòÉΓòÉΓòÉ
  Testing: SUPER ADMIN
  Email:   forus@gmail.com
  Expect:  NO rate limit (bypass)
ΓòÉΓòÉΓòÉΓòÉΓòÉΓòÉΓòÉΓòÉΓòÉΓòÉΓòÉΓòÉΓòÉΓòÉΓòÉΓòÉΓòÉΓòÉΓòÉΓòÉΓòÉΓòÉΓòÉΓòÉΓòÉΓòÉΓòÉΓòÉΓòÉΓòÉΓòÉΓòÉΓòÉΓòÉΓòÉΓòÉΓòÉΓòÉΓòÉΓòÉΓòÉΓòÉΓòÉΓòÉΓòÉΓòÉΓòÉΓòÉΓòÉΓòÉΓòÉΓòÉΓòÉΓòÉΓòÉΓòÉΓòÉΓòÉΓòÉΓòÉ
  ≡ƒöÉ Logging in...
  Γ£à Login successful

  ≡ƒæñ JWT ROLE DATA:
    - isAdmin: true
    - isSubscribed: true
    - rateLimitExempt: undefined

  ≡ƒôè Making 3 calculate requests...

  Γ£à Request #1: HTTP 200 [no rate-limit headers ΓÇö bypassed or dev mode]
  Γ£à Request #2: HTTP 200 [no rate-limit headers ΓÇö bypassed or dev mode]
  Γ£à Request #3: HTTP 200 [no rate-limit headers ΓÇö bypassed or dev mode]
  Γ£à PASS: SUPER ADMIN was NOT rate limited (as expected)

ΓòÉΓòÉΓòÉΓòÉΓòÉΓòÉΓòÉΓòÉΓòÉΓòÉΓòÉΓòÉΓòÉΓòÉΓòÉΓòÉΓòÉΓòÉΓòÉΓòÉΓòÉΓòÉΓòÉΓòÉΓòÉΓòÉΓòÉΓòÉΓòÉΓòÉΓòÉΓòÉΓòÉΓòÉΓòÉΓòÉΓòÉΓòÉΓòÉΓòÉΓòÉΓòÉΓòÉΓòÉΓòÉΓòÉΓòÉΓòÉΓòÉΓòÉΓòÉΓòÉΓòÉΓòÉΓòÉΓòÉΓòÉΓòÉΓòÉΓòÉ
  Testing: FREE USER (should be rate limited)
  Email:   singhabhudaya7@gmail.com
  Expect:  RATE LIMITED at 15
ΓòÉΓòÉΓòÉΓòÉΓòÉΓòÉΓòÉΓòÉΓòÉΓòÉΓòÉΓòÉΓòÉΓòÉΓòÉΓòÉΓòÉΓòÉΓòÉΓòÉΓòÉΓòÉΓòÉΓòÉΓòÉΓòÉΓòÉΓòÉΓòÉΓòÉΓòÉΓòÉΓòÉΓòÉΓòÉΓòÉΓòÉΓòÉΓòÉΓòÉΓòÉΓòÉΓòÉΓòÉΓòÉΓòÉΓòÉΓòÉΓòÉΓòÉΓòÉΓòÉΓòÉΓòÉΓòÉΓòÉΓòÉΓòÉΓòÉΓòÉ
  ≡ƒöÉ Logging in...
  Γ£à Login successful

  ≡ƒæñ JWT ROLE DATA:
    - isAdmin: true
    - isSubscribed: true
    - rateLimitExempt: undefined

  ≡ƒôè Making 17 calculate requests...

  Γ£à Request #1: HTTP 200 [no rate-limit headers ΓÇö bypassed or dev mode]
  Γ£à Request #2: HTTP 200 [no rate-limit headers ΓÇö bypassed or dev mode]
  Γ£à Request #3: HTTP 200 [no rate-limit headers ΓÇö bypassed or dev mode]
  Γ£à Request #4: HTTP 200 [no rate-limit headers ΓÇö bypassed or dev mode]
  Γ£à Request #5: HTTP 200 [no rate-limit headers ΓÇö bypassed or dev mode]
  Γ£à Request #6: HTTP 200 [no rate-limit headers ΓÇö bypassed or dev mode]
  Γ£à Request #7: HTTP 200 [no rate-limit headers ΓÇö bypassed or dev mode]
  Γ£à Request #8: HTTP 200 [no rate-limit headers ΓÇö bypassed or dev mode]
  Γ£à Request #9: HTTP 200 [no rate-limit headers ΓÇö bypassed or dev mode]
  Γ£à Request #10: HTTP 200 [no rate-limit headers ΓÇö bypassed or dev mode]
  Γ£à Request #11: HTTP 200 [no rate-limit headers ΓÇö bypassed or dev mode]
  Γ£à Request #12: HTTP 200 [no rate-limit headers ΓÇö bypassed or dev mode]
  Γ£à Request #13: HTTP 200 [no rate-limit headers ΓÇö bypassed or dev mode]
  Γ£à Request #14: HTTP 200 [no rate-limit headers ΓÇö bypassed or dev mode]
  Γ£à Request #15: HTTP 200 [no rate-limit headers ΓÇö bypassed or dev mode]
  Γ£à Request #16: HTTP 200 [no rate-limit headers ΓÇö bypassed or dev mode]
  Γ£à Request #17: HTTP 200 [no rate-limit headers ΓÇö bypassed or dev mode]

≡ƒôï QUICK TEST: Unauthenticated request (should get 401)
   HTTP 401 ΓÇö Γ£à Auth required (correct)

ΓöÇΓöÇΓöÇΓöÇΓöÇΓöÇΓöÇΓöÇΓöÇΓöÇΓöÇΓöÇΓöÇΓöÇΓöÇΓöÇΓöÇΓöÇΓöÇΓöÇΓöÇΓöÇΓöÇΓöÇΓöÇΓöÇΓöÇΓöÇΓöÇΓöÇΓöÇΓöÇΓöÇΓöÇΓöÇΓöÇΓöÇΓöÇΓöÇΓöÇΓöÇΓöÇΓöÇΓöÇΓöÇΓöÇΓöÇΓöÇ
To test with real users, update TEST_USERS in this script
with actual credentials and uncomment the test lines above.
ΓöÇΓöÇΓöÇΓöÇΓöÇΓöÇΓöÇΓöÇΓöÇΓöÇΓöÇΓöÇΓöÇΓöÇΓöÇΓöÇΓöÇΓöÇΓöÇΓöÇΓöÇΓöÇΓöÇΓöÇΓöÇΓöÇΓöÇΓöÇΓöÇΓöÇΓöÇΓöÇΓöÇΓöÇΓöÇΓöÇΓöÇΓöÇΓöÇΓöÇΓöÇΓöÇΓöÇΓöÇΓöÇΓöÇΓöÇΓöÇ

